To honour the JVM settings for this build a single-use Daemon process will be forked. For more on this, please refer to https://docs.gradle.org/8.2/userguide/gradle_daemon.html#sec:disabling_the_daemon in the Gradle documentation.
Daemon will be stopped at the end of the build 

> Task :compileJava
gradle.bat : C:\Users\パパゴリ\.gemini\antigravity\playground\baryonic-planetarium\src\main\java\com\example\penbot\entity\
client\PenbotRenderer.java:5: エラー: シンボルを見つけられません
発生場所 行:1 文字:1
+ & "C:\Users\パパゴリ\.gradle\wrapper\dists\gradle-8.2-bin\bbg7u40eoinfdyx ...
+ ~~~~~~~~~~~~~~~~~~~~~~~~~~~~~~~~~~~~~~~~~~~~~~~~~~~~~~~~~~~~~~~~~~~~~
    + CategoryInfo          : NotSpecified: (C:\Users\パパゴリ\....: シンボルを見つけられません:String) [], RemoteException
    + FullyQualifiedErrorId : NativeCommandError
 
import net.minecraft.client.model.BipedModel;
                                 ^
  シンボル:   クラス BipedModel
  場所: パッケージ net.minecraft.client.model
C:\Users\パパゴリ\.gemini\antigravity\playground\baryonic-planetarium\src\main\java\com\example\penbot\entity\client\Penbot
Renderer.java:11: エラー: シンボルを見つけられません
public class PenbotRenderer extends MobRenderer<PenbotEntity, BipedModel<PenbotEntity>> {
                                                              ^
  シンボル: クラス BipedModel
C:\Users\パパゴリ\.gemini\antigravity\playground\baryonic-planetarium\src\main\java\com\example\penbot\PenbotMod.java:4: エラ
ー: シンボルを見つけられません
import com.example.penbot.entity.client.PenbotModel;
                                       ^
  シンボル:   クラス PenbotModel
  場所: パッケージ com.example.penbot.entity.client
C:\Users\パパゴリ\.gemini\antigravity\playground\baryonic-planetarium\src\main\java\com\example\penbot\PenbotMod.java:9: エラ
ー: シンボルを見つけられません
import net.minecraft.world.entity.EntitySpawnReason;
                                 ^
  シンボル:   クラス EntitySpawnReason
  場所: パッケージ net.minecraft.world.entity
C:\Users\パパゴリ\.gemini\antigravity\playground\baryonic-planetarium\src\main\java\com\example\penbot\entity\client\Penbot
Renderer.java:12: エラー: ResourceLocation(String,String)はResourceLocationでprivateアクセスされます
    private static final ResourceLocation TEXTURE = new ResourceLocation(PenbotMod.MOD_ID, "textures/entity/penbot.png"
);
                                                    ^
C:\Users\パパゴリ\.gemini\antigravity\playground\baryonic-planetarium\src\main\java\com\example\penbot\entity\client\Penbot
Renderer.java:15: エラー: シンボルを見つけられません
        super(context, new BipedModel<>(context.bakeLayer(ModelLayers.PLAYER)), 0.5f);
                           ^
  シンボル:   クラス BipedModel
  場所: クラス PenbotRenderer
C:\Users\パパゴリ\.gemini\antigravity\playground\baryonic-planetarium\src\main\java\com\example\penbot\PenbotMod.java:43: エ
ラー: 不適合な型: RegistryObject<EntityType<PenbotEntity>>をEntityType<? extends Mob>に変換できません:
            () -> new SpawnEggItem(PENBOT, 0x000000, 0xFFFFFF, new Item.Properties()));
                                   ^
ノート: C:\Users\パパゴリ\.gemini\antigravity\playground\baryonic-planetarium\src\main\java\com\example\penbot\entity\PenbotEn
tity.javaは推奨されないAPIを使用またはオーバーライドしています。
ノート: 詳細は、-Xlint:deprecationオプションを指定して再コンパイルしてください。
ノート: 一部のメッセージは簡略化されています。-Xdiags:verboseで再コンパイルして完全な出力を取得してください
エラー7個

> Task :compileJava FAILED

FAILURE: Build failed with an exception.

* What went wrong:
Execution failed for task ':compileJava'.
> Compilation failed; see the compiler error output for details.

* Try:
> Run with --info option to get more log output.
> Run with --scan to get full insights.

BUILD FAILED in 12s
1 actionable task: 1 executed
